led_display.c:12:6:display7SEG	16	static
led_display.c:119:6:update7SEG	16	static
led_display.c:142:6:updateLedBuffer	16	static
led_display.c:149:6:BlinkyRedVer	8	static
led_display.c:155:6:BlinkyGreenVer	8	static
led_display.c:160:6:BlinkyYellowVer	8	static
led_display.c:166:6:BlinkyRedHor	8	static
led_display.c:172:6:BlinkyGreenHor	8	static
led_display.c:177:6:BlinkyYellowHor	8	static
led_display.c:183:6:SetLed7Seg1On	8	static
led_display.c:189:6:SetLed7Seg2On	8	static
led_display.c:195:6:SetLed7Seg3On	8	static
led_display.c:201:6:SetLed7Seg4On	8	static
led_display.c:207:6:SetLed7Seg12On	8	static
led_display.c:213:6:SetLed7Seg34On	8	static
led_display.c:219:6:SetLed7SegallOn	8	static
led_display.c:225:6:SetLed7SegallOff	8	static
led_display.c:232:6:SetRedVerHor	8	static
led_display.c:238:6:SetOffVer	8	static
led_display.c:244:6:SetRedVer	8	static
led_display.c:250:6:SetGreenVer	8	static
led_display.c:256:6:SetYellowVer	8	static
led_display.c:263:6:SetOffHor	8	static
led_display.c:269:6:SetRedHor	8	static
led_display.c:275:6:SetGreenHor	8	static
led_display.c:281:6:SetYellowHor	8	static
