led_display.c:10:6:display7SEG	16	static
led_display.c:117:6:update7SEG	16	static
led_display.c:140:6:updateLed12Buffer	16	static
led_display.c:149:6:updateLed34Buffer	16	static
led_display.c:159:6:SetOffVer	8	static
led_display.c:165:6:SetRedVer	8	static
led_display.c:171:6:SetGreenVer	8	static
led_display.c:177:6:SetYellowVer	8	static
led_display.c:184:6:SetOffHor	8	static
led_display.c:190:6:SetRedHor	8	static
led_display.c:196:6:SetGreenHor	8	static
led_display.c:202:6:SetYellowHor	8	static
