led_display.c:12:6:display7SEG	16	static
led_display.c:119:6:update7SEG	16	static
led_display.c:142:6:display7SEGLED12	16	static
led_display.c:165:6:display7SEGLED34	16	static
led_display.c:184:6:display7Seg_countdown_Led12	8	static
led_display.c:192:6:display7Seg_countdown_Led34	8	static
led_display.c:200:6:updateLed12Buffer	16	static
led_display.c:209:6:updateLed34Buffer	16	static
led_display.c:219:6:SetLed7Seg1On	8	static
led_display.c:225:6:SetLed7Seg2On	8	static
led_display.c:231:6:SetLed7Seg3On	8	static
led_display.c:237:6:SetLed7Seg4On	8	static
led_display.c:243:6:SetLed7Seg12On	8	static
led_display.c:249:6:SetLed7Seg34On	8	static
led_display.c:255:6:SetLed7SegallOn	8	static
led_display.c:261:6:SetLed7SegallOff	8	static
led_display.c:269:6:SetOffVer	8	static
led_display.c:275:6:SetRedVer	8	static
led_display.c:281:6:SetGreenVer	8	static
led_display.c:287:6:SetYellowVer	8	static
led_display.c:294:6:SetOffHor	8	static
led_display.c:300:6:SetRedHor	8	static
led_display.c:306:6:SetGreenHor	8	static
led_display.c:312:6:SetYellowHor	8	static
