led_display.c:12:6:display7SEG	16	static
led_display.c:119:6:update7SEG	16	static
led_display.c:142:6:display7SEGLED12	16	static
led_display.c:169:6:display7SEGLED34	16	static
led_display.c:192:6:display7Seg_countdown_Led12	8	static
led_display.c:200:6:display7Seg_countdown_Led34	8	static
led_display.c:208:6:updateLed12Buffer	16	static
led_display.c:217:6:updateLed34Buffer	16	static
led_display.c:227:6:updateLedBuffer	16	static
led_display.c:234:6:SetLed7Seg1On	8	static
led_display.c:240:6:SetLed7Seg2On	8	static
led_display.c:246:6:SetLed7Seg3On	8	static
led_display.c:252:6:SetLed7Seg4On	8	static
led_display.c:258:6:SetLed7Seg12On	8	static
led_display.c:264:6:SetLed7Seg34On	8	static
led_display.c:270:6:SetLed7SegallOn	8	static
led_display.c:276:6:SetLed7SegallOff	8	static
led_display.c:284:6:SetOffVer	8	static
led_display.c:290:6:SetRedVer	8	static
led_display.c:296:6:SetGreenVer	8	static
led_display.c:302:6:SetYellowVer	8	static
led_display.c:309:6:SetOffHor	8	static
led_display.c:315:6:SetRedHor	8	static
led_display.c:321:6:SetGreenHor	8	static
led_display.c:327:6:SetYellowHor	8	static
