led_display.c:12:6:display7SEG	16	static
led_display.c:119:6:update7SEG	16	static
led_display.c:142:6:display7SEGLED12	16	static
led_display.c:151:6:display7SEGLED34	16	static
led_display.c:160:6:display7Seg_countdown_Led12	8	static
led_display.c:168:6:display7Seg_countdown_Led34	8	static
led_display.c:176:6:updateLed12Buffer	16	static
led_display.c:185:6:updateLed34Buffer	16	static
led_display.c:195:6:SetLed7Seg1On	8	static
led_display.c:201:6:SetLed7Seg2On	8	static
led_display.c:207:6:SetLed7Seg3On	8	static
led_display.c:213:6:SetLed7Seg4On	8	static
led_display.c:219:6:SetLed7SegallOn	8	static
led_display.c:225:6:SetLed7SegallOff	8	static
led_display.c:233:6:SetOffVer	8	static
led_display.c:239:6:SetRedVer	8	static
led_display.c:245:6:SetGreenVer	8	static
led_display.c:251:6:SetYellowVer	8	static
led_display.c:258:6:SetOffHor	8	static
led_display.c:264:6:SetRedHor	8	static
led_display.c:270:6:SetGreenHor	8	static
led_display.c:276:6:SetYellowHor	8	static
